
[TestGetUserByID/successful - 1]
{
 "CreatedAt": "<Any value>",
 "Email": "email0",
 "ID": "<Any value>",
 "PasswordHash": "cGFzc3dvcmRoYXNoMA==",
 "PasswordSalt": "passwordsalt0",
 "UpdatedAt": "<Any value>",
 "Username": "username0"
}
---

[TestGetUserByID/not_found - 1]
null
---

[TestGetUserByUsername/successful - 1]
{
 "CreatedAt": "<Any value>",
 "Email": "email0",
 "ID": "<Any value>",
 "PasswordHash": "cGFzc3dvcmRoYXNoMA==",
 "PasswordSalt": "passwordsalt0",
 "UpdatedAt": "<Any value>",
 "Username": "username0"
}
---

[TestGetUserByUsername/not_found - 1]
null
---
