2025-11-24T23:00:53.898  WARN --- [-functhread3] hypercorn.error            : ASGI Framework Lifespan error, continuing without Lifespan support
2025-11-24T23:00:53.898  WARN --- [-functhread3] hypercorn.error            : ASGI Framework Lifespan error, continuing without Lifespan support
2025-11-24T23:00:53.899  INFO --- [-functhread3] hypercorn.error            : Running on https://0.0.0.0:4566 (CTRL + C to quit)
2025-11-24T23:00:53.899  INFO --- [-functhread3] hypercorn.error            : Running on https://0.0.0.0:4566 (CTRL + C to quit)
2025-11-24T23:00:54.248  INFO --- [-functhread6] l.services.motoserver      : starting moto server on http://0.0.0.0:54591
2025-11-24T23:00:54.249  INFO --- [   asgi_gw_0] localstack.services.infra  : Starting mock S3 service on http port 4566 ...
2025-11-24T23:00:54.461  INFO --- [   asgi_gw_0] localstack.request.aws     : AWS s3.CreateBucket => 200
2025-11-24T23:00:54.470  INFO --- [   asgi_gw_0] localstack.request.aws     : AWS s3.HeadBucket => 200
2025-11-24T23:00:54.478  INFO --- [   asgi_gw_0] localstack.request.aws     : AWS s3.PutBucketPolicy => 200
2025-11-24T23:01:23.776  INFO --- [   asgi_gw_0] localstack.request.aws     : AWS s3.PutObject => 200
2025-11-24T23:01:23.790  INFO --- [   asgi_gw_0] localstack.request.aws     : AWS s3.GetObject => 404 (NoSuchKey)
2025-11-24T23:01:48.697  INFO --- [   asgi_gw_0] localstack.request.aws     : AWS s3.GetObject => 200
2025-11-24T23:03:36.329  INFO --- [   asgi_gw_0] localstack.request.aws     : AWS s3.GetObject => 200
2025-11-24T23:20:07.218  INFO --- [   asgi_gw_0] localstack.request.aws     : AWS s3.GetObject => 200
2025-11-24T23:20:11.334  INFO --- [   asgi_gw_0] localstack.request.aws     : AWS s3.GetObject => 200
2025-11-24T23:22:28.390  INFO --- [   asgi_gw_0] localstack.request.aws     : AWS s3.GetObject => 200
2025-11-24T23:27:41.872  INFO --- [   asgi_gw_0] localstack.request.aws     : AWS s3.GetObject => 200
2025-11-24T23:28:07.398  INFO --- [   asgi_gw_0] localstack.request.aws     : AWS s3.GetObject => 200
2025-11-24T23:28:16.547  INFO --- [   asgi_gw_0] localstack.request.aws     : AWS s3.GetObject => 200
2025-11-24T23:28:17.145  INFO --- [   asgi_gw_0] localstack.request.aws     : AWS s3.GetObject => 200
2025-11-24T23:28:17.379  INFO --- [   asgi_gw_0] localstack.request.aws     : AWS s3.GetObject => 200
2025-11-24T23:28:17.619  INFO --- [   asgi_gw_0] localstack.request.aws     : AWS s3.GetObject => 200
2025-11-24T23:50:41.325  INFO --- [   asgi_gw_0] localstack.request.aws     : AWS s3.GetObject => 200
2025-11-25T00:01:01.812  INFO --- [   asgi_gw_0] localstack.request.aws     : AWS s3.GetObject => 200
2025-11-25T00:23:28.313  INFO --- [   asgi_gw_0] localstack.request.aws     : AWS s3.GetObject => 200
2025-11-25T14:52:20.726  INFO --- [   asgi_gw_0] localstack.request.aws     : AWS s3.GetObject => 200
2025-11-25T15:21:22.801  INFO --- [   asgi_gw_0] localstack.request.aws     : AWS s3.GetObject => 200
2025-11-25T17:06:02.102  INFO --- [   asgi_gw_0] localstack.request.aws     : AWS s3.GetObject => 200
2025-11-25T18:10:30.554  INFO --- [   asgi_gw_0] localstack.request.aws     : AWS s3.GetObject => 200
2025-11-25T19:22:15.906  INFO --- [   asgi_gw_0] localstack.request.aws     : AWS s3.GetObject => 200
